2026-03-07T17:59:52.250Z [NOTIF] WS connexion entrante readyState=1 hasSend=true totalAvant=0
2026-03-07T17:59:52.254Z [NOTIF] Connexion ajoutee total=1
2026-03-07T18:01:50.238Z [NOTIF] WS connexion entrante readyState=1 hasSend=true totalAvant=0
2026-03-07T18:01:50.242Z [NOTIF] Connexion ajoutee total=1
2026-03-07T18:09:38.746Z [NOTIF] WS connexion entrante readyState=1 hasSend=true totalAvant=0
2026-03-07T18:09:38.751Z [NOTIF] Connexion ajoutee total=1
2026-03-07T18:09:44.749Z [NOTIF] WS connexion entrante readyState=1 hasSend=true totalAvant=0
2026-03-07T18:09:44.757Z [NOTIF] Connexion ajoutee total=1
2026-03-07T18:09:49.246Z [NOTIF] WS connexion entrante readyState=1 hasSend=true totalAvant=0
2026-03-07T18:09:49.255Z [NOTIF] Connexion ajoutee total=1
2026-03-07T18:24:53.330Z [NOTIF] Connexion supprimee total=0
2026-03-07T18:25:04.944Z [NOTIF] WS connexion entrante readyState=1 hasSend=true totalAvant=0
2026-03-07T18:25:04.947Z [NOTIF] Connexion ajoutee total=1
2026-03-07T18:26:23.218Z [NOTIF] requireApiKey: requete recue x-api-key=present
2026-03-07T18:26:23.218Z [NOTIF] requireApiKey: rejet 401
2026-03-07T18:26:43.140Z [NOTIF] requireApiKey: requete recue x-api-key=present
2026-03-07T18:26:43.141Z [NOTIF] POST /api/notifications/test recu type=call_completed
2026-03-07T18:26:43.142Z [NOTIF] sendNotification appele type=call_completed connexions=1
2026-03-07T18:26:43.143Z [NOTIF] Notification envoyee sentCount=1 totalConnections=1
2026-03-07T18:32:35.254Z [NOTIF] WS connexion entrante readyState=1 hasSend=true totalAvant=0
2026-03-07T18:32:35.258Z [NOTIF] Connexion ajoutee total=1
2026-03-07T18:32:54.243Z [NOTIF] WS connexion entrante readyState=1 hasSend=true totalAvant=0
2026-03-07T18:32:54.248Z [NOTIF] Connexion ajoutee total=1
2026-03-07T18:33:01.748Z [NOTIF] WS connexion entrante readyState=1 hasSend=true totalAvant=0
2026-03-07T18:33:01.753Z [NOTIF] Connexion ajoutee total=1
2026-03-07T18:33:07.241Z [NOTIF] WS connexion entrante readyState=1 hasSend=true totalAvant=0
2026-03-07T18:33:07.245Z [NOTIF] Connexion ajoutee total=1
2026-03-07T18:38:51.048Z [NOTIF] Connexion supprimee total=0
2026-03-07T18:38:51.664Z [NOTIF] WS connexion entrante readyState=1 hasSend=true totalAvant=0
2026-03-07T18:38:51.667Z [NOTIF] Connexion ajoutee total=1
2026-03-07T18:42:37.955Z [NOTIF] Connexion supprimee total=0
2026-03-07T18:42:38.634Z [NOTIF] WS connexion entrante readyState=1 hasSend=true totalAvant=0
2026-03-07T18:42:38.638Z [NOTIF] Connexion ajoutee total=1
2026-03-07T18:48:16.963Z [NOTIF] Connexion supprimee total=0
2026-03-07T18:48:17.696Z [NOTIF] WS connexion entrante readyState=1 hasSend=true totalAvant=0
2026-03-07T18:48:17.697Z [NOTIF] Connexion ajoutee total=1
2026-03-07T18:48:22.936Z [NOTIF] Connexion supprimee total=0
2026-03-07T18:48:23.586Z [NOTIF] WS connexion entrante readyState=1 hasSend=true totalAvant=0
2026-03-07T18:48:23.588Z [NOTIF] Connexion ajoutee total=1
2026-03-07T18:48:23.934Z [NOTIF] Connexion supprimee total=0
2026-03-07T18:48:24.584Z [NOTIF] WS connexion entrante readyState=1 hasSend=true totalAvant=0
2026-03-07T18:48:24.585Z [NOTIF] Connexion ajoutee total=1
2026-03-07T18:48:25.921Z [NOTIF] Connexion supprimee total=0
2026-03-07T18:48:26.500Z [NOTIF] WS connexion entrante readyState=1 hasSend=true totalAvant=0
2026-03-07T18:48:26.501Z [NOTIF] Connexion ajoutee total=1 2026-03-07T18:54:48.929Z [NOTIF] Connexion supprimee total=0
2026-03-07T18:54:49.627Z [NOTIF] WS connexion entrante readyState=1 hasSend=true totalAvant=0
2026-03-07T18:54:49.629Z [NOTIF] Connexion ajoutee total=1
2026-03-07T18:54:53.945Z [NOTIF] Connexion supprimee total=0
2026-03-07T18:54:54.615Z [NOTIF] WS connexion entrante readyState=1 hasSend=true totalAvant=0
2026-03-07T18:54:54.617Z [NOTIF] Connexion ajoutee total=1
2026-03-07T18:54:55.941Z [NOTIF] Connexion supprimee total=0
2026-03-07T18:54:56.545Z [NOTIF] WS connexion entrante readyState=1 hasSend=true totalAvant=0
2026-03-07T18:54:56.546Z [NOTIF] Connexion ajoutee total=1
2026-03-07T18:54:56.942Z [NOTIF] Connexion supprimee total=0
2026-03-07T18:54:57.461Z [NOTIF] WS connexion entrante readyState=1 hasSend=true totalAvant=0
2026-03-07T18:54:57.463Z [NOTIF] Connexion ajoutee total=1
2026-03-07T18:54:58.943Z [NOTIF] Connexion supprimee total=0
2026-03-07T18:54:59.532Z [NOTIF] WS connexion entrante readyState=1 hasSend=true totalAvant=0
2026-03-07T18:54:59.534Z [NOTIF] Connexion ajoutee total=1
2026-03-07T18:54:59.944Z [NOTIF] Connexion supprimee total=0
2026-03-07T18:55:00.532Z [NOTIF] WS connexion entrante readyState=1 hasSend=true totalAvant=0
2026-03-07T18:55:00.534Z [NOTIF] Connexion ajoutee total=1
2026-03-07T18:55:00.945Z [NOTIF] Connexion supprimee total=0
2026-03-07T18:55:01.548Z [NOTIF] WS connexion entrante readyState=1 hasSend=true totalAvant=0
2026-03-07T18:55:01.550Z [NOTIF] Connexion ajoutee total=1
2026-03-07T18:55:02.949Z [NOTIF] Connexion supprimee total=0
2026-03-07T18:55:03.525Z [NOTIF] WS connexion entrante readyState=1 hasSend=true totalAvant=0
2026-03-07T18:55:03.527Z [NOTIF] Connexion ajoutee total=1
2026-03-07T18:55:03.939Z [NOTIF] Connexion supprimee total=0
2026-03-07T18:55:04.537Z [NOTIF] WS connexion entrante readyState=1 hasSend=true totalAvant=0
2026-03-07T18:55:04.538Z [NOTIF] Connexion ajoutee total=1
2026-03-07T18:55:05.943Z [NOTIF] Connexion supprimee total=0
2026-03-07T18:55:06.488Z [NOTIF] WS connexion entrante readyState=1 hasSend=true totalAvant=0
2026-03-07T18:55:06.490Z [NOTIF] Connexion ajoutee total=1
2026-03-07T18:55:06.953Z [NOTIF] Connexion supprimee total=0
2026-03-07T18:55:07.497Z [NOTIF] WS connexion entrante readyState=1 hasSend=true totalAvant=0
2026-03-07T18:55:07.499Z [NOTIF] Connexion ajoutee total=1
2026-03-07T18:55:12.693Z [NOTIF] Connexion supprimee total=0
2026-03-07T18:55:13.179Z [NOTIF] WS connexion entrante readyState=1 hasSend=true totalAvant=0
2026-03-07T18:55:13.181Z [NOTIF] Connexion ajoutee total=1
2026-03-07T18:55:28.234Z [NOTIF] WS connexion entrante readyState=1 hasSend=true totalAvant=0
2026-03-07T18:55:28.239Z [NOTIF] Connexion ajoutee total=1
2026-03-07T18:57:45.389Z [NOTIF] Connexion supprimee total=0
2026-03-07T18:57:46.005Z [NOTIF] WS connexion entrante readyState=1 hasSend=true totalAvant=0
2026-03-07T18:57:46.007Z [NOTIF] Connexion ajoutee total=1
2026-03-07T19:01:39.961Z [NOTIF] Connexion supprimee total=0
2026-03-07T19:01:40.876Z [NOTIF] WS connexion entrante readyState=1 hasSend=true totalAvant=0
2026-03-07T19:01:40.878Z [NOTIF] Connexion ajoutee total=1
2026-03-07T19:01:52.947Z [NOTIF] Connexion supprimee total=0
2026-03-07T19:01:53.860Z [NOTIF] WS connexion entrante readyState=1 hasSend=true totalAvant=0
2026-03-07T19:01:53.861Z [NOTIF] Connexion ajoutee total=1
2026-03-07T19:03:11.896Z [NOTIF] Connexion supprimee total=0
2026-03-07T19:03:12.505Z [NOTIF] WS connexion entrante readyState=1 hasSend=true totalAvant=0
2026-03-07T19:03:12.508Z [NOTIF] Connexion ajoutee total=1
2026-03-07T19:03:13.790Z [NOTIF] Connexion supprimee total=0
2026-03-07T19:03:14.422Z [NOTIF] WS connexion entrante readyState=1 hasSend=true totalAvant=0
2026-03-07T19:03:14.425Z [NOTIF] Connexion ajoutee total=1
2026-03-07T19:03:18.501Z [NOTIF] Connexion supprimee total=0
2026-03-07T19:03:19.100Z [NOTIF] WS connexion entrante readyState=1 hasSend=true totalAvant=0
2026-03-07T19:03:19.102Z [NOTIF] Connexion ajoutee total=1
2026-03-07T19:03:20.926Z [NOTIF] Connexion supprimee total=0
2026-03-07T19:03:22.515Z [NOTIF] WS connexion entrante readyState=1 hasSend=true totalAvant=0
2026-03-07T19:03:22.517Z [NOTIF] Connexion ajoutee total=1
2026-03-07T19:03:23.927Z [NOTIF] Connexion supprimee total=0
2026-03-07T19:03:24.534Z [NOTIF] WS connexion entrante readyState=1 hasSend=true totalAvant=0
2026-03-07T19:03:24.535Z [NOTIF] Connexion ajoutee total=1
2026-03-07T19:03:42.924Z [NOTIF] Connexion supprimee total=0
2026-03-07T19:03:44.556Z [NOTIF] WS connexion entrante readyState=1 hasSend=true totalAvant=0
2026-03-07T19:03:44.557Z [NOTIF] Connexion ajoutee total=1
2026-03-07T19:05:28.246Z [NOTIF] WS connexion entrante readyState=1 hasSend=true totalAvant=0
2026-03-07T19:05:28.251Z [NOTIF] Connexion ajoutee total=1
2026-03-07T19:05:37.249Z [NOTIF] WS connexion entrante readyState=1 hasSend=true totalAvant=0
2026-03-07T19:05:37.253Z [NOTIF] Connexion ajoutee total=1
2026-03-07T19:05:47.234Z [NOTIF] WS connexion entrante readyState=1 hasSend=true totalAvant=0
2026-03-07T19:05:47.239Z [NOTIF] Connexion ajoutee total=1
2026-03-07T19:05:54.246Z [NOTIF] WS connexion entrante readyState=1 hasSend=true totalAvant=0
2026-03-07T19:05:54.251Z [NOTIF] Connexion ajoutee total=1
2026-03-07T19:09:17.240Z [NOTIF] WS connexion entrante readyState=1 hasSend=true totalAvant=0
2026-03-07T19:09:17.245Z [NOTIF] Connexion ajoutee total=1
2026-03-07T19:09:56.246Z [NOTIF] WS connexion entrante readyState=1 hasSend=true totalAvant=0
2026-03-07T19:09:56.250Z [NOTIF] Connexion ajoutee total=1
2026-03-07T19:10:30.247Z [NOTIF] WS connexion entrante readyState=1 hasSend=true totalAvant=0
2026-03-07T19:10:30.251Z [NOTIF] Connexion ajoutee total=1
2026-03-07T19:10:47.249Z [NOTIF] WS connexion entrante readyState=1 hasSend=true totalAvant=0
2026-03-07T19:10:47.254Z [NOTIF] Connexion ajoutee total=1
2026-03-07T19:10:50.749Z [NOTIF] WS connexion entrante readyState=1 hasSend=true totalAvant=0
2026-03-07T19:10:50.755Z [NOTIF] Connexion ajoutee total=1
2026-03-07T19:10:56.736Z [NOTIF] WS connexion entrante readyState=1 hasSend=true totalAvant=0
2026-03-07T19:10:56.740Z [NOTIF] Connexion ajoutee total=1
2026-03-07T19:12:05.968Z [NOTIF] TranscriptionHandler: validation echouee -> pas d'appel process-call raison=Aucune interaction client détectée - Client n'a probablement rien dit
2026-03-07T19:12:44.251Z [NOTIF] WS connexion entrante readyState=1 hasSend=true totalAvant=0
2026-03-07T19:12:44.255Z [NOTIF] Connexion ajoutee total=1
2026-03-07T19:13:51.683Z [NOTIF] TranscriptionHandler: validation echouee -> pas d'appel process-call raison=Aucune interaction client détectée - Client n'a probablement rien dit
2026-03-07T19:15:23.731Z [NOTIF] WS connexion entrante readyState=1 hasSend=true totalAvant=0
2026-03-07T19:15:23.736Z [NOTIF] Connexion ajoutee total=1
2026-03-07T19:16:40.668Z [NOTIF] TranscriptionHandler: validation echouee -> pas d'appel process-call raison=Aucune interaction client détectée - Client n'a probablement rien dit
2026-03-07T19:18:59.746Z [NOTIF] WS connexion entrante readyState=1 hasSend=true totalAvant=0
2026-03-07T19:18:59.750Z [NOTIF] Connexion ajoutee total=1
2026-03-07T19:19:24.225Z [NOTIF] WS connexion entrante readyState=1 hasSend=true totalAvant=0
2026-03-07T19:19:24.230Z [NOTIF] Connexion ajoutee total=1
2026-03-07T19:19:27.738Z [NOTIF] WS connexion entrante readyState=1 hasSend=true totalAvant=0
2026-03-07T19:19:27.742Z [NOTIF] Connexion ajoutee total=1
2026-03-07T19:19:38.236Z [NOTIF] WS connexion entrante readyState=1 hasSend=true totalAvant=0
2026-03-07T19:19:38.241Z [NOTIF] Connexion ajoutee total=1
2026-03-07T19:21:18.858Z [NOTIF] TranscriptionHandler: validation OK -> POST process-call length=545
2026-03-07T19:21:18.859Z [NOTIF] TranscriptionHandler: POST http://localhost:8080/api/process-call (si reponse ok -> process-call envoie la notif)
2026-03-07T19:21:18.864Z [NOTIF] [process-call] 1. Requete recue body keys=transcription
2026-03-07T19:21:18.866Z [NOTIF] [process-call] 2. Transcription presente length=545
2026-03-07T19:21:18.867Z [NOTIF] process-call: envoi notif call_received
2026-03-07T19:21:18.868Z [NOTIF] sendNotification appele type=call_received connexions=1
2026-03-07T19:21:18.869Z [NOTIF] Notification envoyee sentCount=1 totalConnections=1
2026-03-07T19:21:18.870Z [NOTIF] [process-call] 3. Appel extractCallData (GPT)
2026-03-07T19:21:29.513Z [NOTIF] process-call: extractCallData ok nom=Alex type_demande=Réservation de table
2026-03-07T19:21:29.515Z [NOTIF] [process-call] 4. Verif isUseless isUseless=false hasResa=false hasOrder=false
2026-03-07T19:21:29.518Z [NOTIF] [process-call] 5b. Branche traitement -> ProcessCallService.process
2026-03-07T19:21:29.523Z [NOTIF] [process-call] 6. Succes -> envoi notif (processed) orderId=—
2026-03-07T19:21:29.526Z [NOTIF] sendNotification appele type=call_completed connexions=1
2026-03-07T19:21:29.527Z [NOTIF] Notification envoyee sentCount=1 totalConnections=1
2026-03-07T19:21:29.529Z [NOTIF] [process-call] 7. Reponse 201 envoyee
2026-03-07T20:02:33.232Z [NOTIF] WS connexion entrante readyState=1 hasSend=true totalAvant=0
2026-03-07T20:02:33.237Z [NOTIF] Connexion ajoutee total=1
2026-03-07T20:02:39.731Z [NOTIF] WS connexion entrante readyState=1 hasSend=true totalAvant=0
2026-03-07T20:02:39.737Z [NOTIF] Connexion ajoutee total=1
2026-03-07T20:04:53.653Z [NOTIF] TranscriptionHandler: validation OK -> POST process-call length=434
2026-03-07T20:04:53.654Z [NOTIF] TranscriptionHandler: POST http://localhost:8080/api/process-call (si reponse ok -> process-call envoie la notif)
2026-03-07T20:04:53.661Z [NOTIF] [process-call] 1. Requete recue body keys=transcription
2026-03-07T20:04:53.663Z [NOTIF] [process-call] 2. Transcription presente length=434
2026-03-07T20:04:53.664Z [NOTIF] [process-call] 3. Appel extractCallData (GPT)
2026-03-07T20:05:01.237Z [NOTIF] process-call: extractCallData ok nom=Yanis type_demande=Réservation de table
2026-03-07T20:05:01.239Z [NOTIF] [process-call] 4. Verif isUseless isUseless=false hasResa=false hasOrder=false
2026-03-07T20:05:01.241Z [NOTIF] [process-call] 5b. Branche traitement -> ProcessCallService.process
2026-03-07T20:05:01.244Z [NOTIF] [process-call] 6. Succes -> envoi notif (processed) orderId=—
2026-03-07T20:05:01.247Z [NOTIF] sendNotification appele type=call_completed connexions=1
2026-03-07T20:05:01.248Z [NOTIF] Notification envoyee sentCount=1 totalConnections=1
2026-03-07T20:05:01.250Z [NOTIF] [process-call] 7. Reponse 201 envoyee
2026-03-07T20:07:11.891Z [NOTIF] WS connexion entrante readyState=1 hasSend=true totalAvant=0
2026-03-07T20:07:11.897Z [NOTIF] Connexion ajoutee total=1
2026-03-07T20:11:11.693Z [NOTIF] Connexion supprimee total=0
2026-03-07T20:11:12.404Z [NOTIF] WS connexion entrante readyState=1 hasSend=true totalAvant=0
2026-03-07T20:11:12.406Z [NOTIF] Connexion ajoutee total=1
2026-03-07T20:12:56.006Z [NOTIF] TranscriptionHandler: validation OK -> POST process-call length=650
2026-03-07T20:12:56.006Z [NOTIF] TranscriptionHandler: POST http://localhost:8080/api/process-call (si reponse ok -> process-call envoie la notif)
2026-03-07T20:12:56.013Z [NOTIF] [process-call] 1. Requete recue body keys=transcription
2026-03-07T20:12:56.014Z [NOTIF] [process-call] 2. Transcription presente length=650
2026-03-07T20:12:56.015Z [NOTIF] [process-call] 3. Appel extractCallData (GPT)
2026-03-07T20:13:01.937Z [NOTIF] process-call: extractCallData ok nom=Client inconnu type_demande=Commande à emporter
2026-03-07T20:13:01.938Z [NOTIF] [process-call] 4. Verif isUseless isUseless=false hasResa=false hasOrder=false
2026-03-07T20:13:01.939Z [NOTIF] [process-call] 5b. Branche traitement -> ProcessCallService.process
2026-03-07T20:13:01.943Z [NOTIF] [process-call] 6. Succes -> envoi notif (processed) orderId=—
2026-03-07T20:13:01.945Z [NOTIF] sendNotification appele type=call_completed connexions=1
2026-03-07T20:13:01.946Z [NOTIF] Notification envoyee sentCount=1 totalConnections=1
2026-03-07T20:13:01.947Z [NOTIF] [process-call] 7. Reponse 201 envoyee
2026-03-07T20:13:30.121Z [NOTIF] Connexion supprimee total=0
2026-03-07T20:13:36.246Z [NOTIF] WS connexion entrante readyState=1 hasSend=true totalAvant=0
2026-03-07T20:13:36.251Z [NOTIF] Connexion ajoutee total=1
2026-03-07T20:14:49.984Z [NOTIF] Connexion supprimee total=0
2026-03-07T20:14:50.536Z [NOTIF] WS connexion entrante readyState=1 hasSend=true totalAvant=0
2026-03-07T20:14:50.538Z [NOTIF] Connexion ajoutee total=1
2026-03-07T20:17:30.925Z [NOTIF] TranscriptionHandler: validation OK -> POST process-call length=917
2026-03-07T20:17:30.925Z [NOTIF] TranscriptionHandler: POST http://localhost:8080/api/process-call (si reponse ok -> process-call envoie la notif)
2026-03-07T20:17:30.931Z [NOTIF] [process-call] 1. Requete recue body keys=transcription
2026-03-07T20:17:30.933Z [NOTIF] [process-call] 2. Transcription presente length=917
2026-03-07T20:17:30.934Z [NOTIF] [process-call] 3. Appel extractCallData (GPT)
2026-03-07T20:17:36.506Z [NOTIF] process-call: extractCallData ok nom=Alain type_demande=Commande à emporter
2026-03-07T20:17:36.508Z [NOTIF] [process-call] 4. Verif isUseless isUseless=false hasResa=false hasOrder=false
2026-03-07T20:17:36.509Z [NOTIF] [process-call] 5b. Branche traitement -> ProcessCallService.process
2026-03-07T20:17:36.513Z [NOTIF] [process-call] 6. Succes -> envoi notif (processed) orderId=—
2026-03-07T20:17:36.514Z [NOTIF] sendNotification appele type=call_completed connexions=1
2026-03-07T20:17:36.515Z [NOTIF] Notification envoyee sentCount=1 totalConnections=1
2026-03-07T20:17:36.517Z [NOTIF] [process-call] 7. Reponse 201 envoyee
2026-03-07T20:18:01.721Z [NOTIF] Connexion supprimee total=0
2026-03-07T20:18:05.754Z [NOTIF] WS connexion entrante readyState=1 hasSend=true totalAvant=0
2026-03-07T20:18:05.759Z [NOTIF] Connexion ajoutee total=1
2026-03-07T20:18:57.422Z [NOTIF] Connexion supprimee total=0
2026-03-07T20:18:58.094Z [NOTIF] WS connexion entrante readyState=1 hasSend=true totalAvant=0
2026-03-07T20:18:58.097Z [NOTIF] Connexion ajoutee total=1
2026-03-07T20:19:44.250Z [NOTIF] WS connexion entrante readyState=1 hasSend=true totalAvant=0
2026-03-07T20:19:44.255Z [NOTIF] Connexion ajoutee total=1
2026-03-07T20:19:49.264Z [NOTIF] WS connexion entrante readyState=1 hasSend=true totalAvant=0
2026-03-07T20:19:49.268Z [NOTIF] Connexion ajoutee total=1
2026-03-07T20:19:59.235Z [NOTIF] WS connexion entrante readyState=1 hasSend=true totalAvant=0
2026-03-07T20:19:59.240Z [NOTIF] Connexion ajoutee total=1
2026-03-07T20:22:11.951Z [NOTIF] Connexion supprimee total=0
2026-03-07T20:22:12.765Z [NOTIF] WS connexion entrante readyState=1 hasSend=true totalAvant=0
2026-03-07T20:22:12.767Z [NOTIF] Connexion ajoutee total=1
2026-03-07T20:23:50.642Z [NOTIF] WS connexion entrante readyState=1 hasSend=true totalAvant=0
2026-03-07T20:23:50.653Z [NOTIF] Connexion ajoutee total=1
2026-03-07T20:23:58.688Z [NOTIF] WS connexion entrante readyState=1 hasSend=true totalAvant=0
2026-03-07T20:23:58.693Z [NOTIF] Connexion ajoutee total=1
2026-03-07T20:25:59.672Z [NOTIF] Connexion supprimee total=0
2026-03-07T20:26:00.261Z [NOTIF] WS connexion entrante readyState=1 hasSend=true totalAvant=0
2026-03-07T20:26:00.263Z [NOTIF] Connexion ajoutee total=1
2026-03-07T20:26:17.523Z [NOTIF] WS connexion entrante readyState=1 hasSend=true totalAvant=0
2026-03-07T20:26:17.528Z [NOTIF] Connexion ajoutee total=1
2026-03-07T20:26:28.133Z [NOTIF] WS connexion entrante readyState=1 hasSend=true totalAvant=0
2026-03-07T20:26:28.140Z [NOTIF] Connexion ajoutee total=1
2026-03-07T20:37:59.772Z [NOTIF] WS connexion entrante readyState=1 hasSend=true totalAvant=0
2026-03-07T20:37:59.778Z [NOTIF] Connexion ajoutee total=1
2026-03-07T20:38:14.752Z [NOTIF] WS connexion entrante readyState=1 hasSend=true totalAvant=0
2026-03-07T20:38:14.758Z [NOTIF] Connexion ajoutee total=1
2026-03-07T20:38:21.747Z [NOTIF] WS connexion entrante readyState=1 hasSend=true totalAvant=0
2026-03-07T20:38:21.751Z [NOTIF] Connexion ajoutee total=1
2026-03-07T20:39:53.598Z [NOTIF] TranscriptionHandler: validation OK -> POST process-call length=340
2026-03-07T20:39:53.599Z [NOTIF] TranscriptionHandler: POST http://localhost:8080/api/process-call (si reponse ok -> process-call envoie la notif)
2026-03-07T20:39:53.607Z [NOTIF] [process-call] 1. Requete recue body keys=transcription
2026-03-07T20:39:53.609Z [NOTIF] [process-call] 2. Transcription presente length=340
2026-03-07T20:39:53.610Z [NOTIF] [process-call] 3. Appel extractCallData (GPT)
2026-03-07T20:40:01.966Z [NOTIF] process-call: extractCallData ok nom=Client inconnu type_demande=Réservation de table
2026-03-07T20:40:01.968Z [NOTIF] [process-call] 4. Verif isUseless isUseless=false hasResa=false hasOrder=false
2026-03-07T20:40:01.969Z [NOTIF] [process-call] 5b. Branche traitement -> ProcessCallService.process
2026-03-07T20:40:01.973Z [NOTIF] [process-call] 6. Succes -> envoi notif (processed) orderId=—
2026-03-07T20:40:01.975Z [NOTIF] sendNotification appele type=call_completed connexions=1
2026-03-07T20:40:01.977Z [NOTIF] Notification envoyee sentCount=1 totalConnections=1
2026-03-07T20:40:01.978Z [NOTIF] [process-call] 7. Reponse 201 envoyee
2026-03-07T20:41:31.252Z [NOTIF] WS connexion entrante readyState=1 hasSend=true totalAvant=0
2026-03-07T20:41:31.256Z [NOTIF] Connexion ajoutee total=1
2026-03-07T20:43:14.168Z [NOTIF] TranscriptionHandler: validation OK -> POST process-call length=782
2026-03-07T20:43:14.168Z [NOTIF] TranscriptionHandler: POST http://localhost:8080/api/process-call (si reponse ok -> process-call envoie la notif)
2026-03-07T20:43:14.176Z [NOTIF] [process-call] 1. Requete recue body keys=transcription
2026-03-07T20:43:14.177Z [NOTIF] [process-call] 2. Transcription presente length=782
2026-03-07T20:43:14.178Z [NOTIF] [process-call] 3. Appel extractCallData (GPT)
2026-03-07T20:43:22.636Z [NOTIF] process-call: extractCallData ok nom=Client inconnu type_demande=Réservation de table
2026-03-07T20:43:22.639Z [NOTIF] [process-call] 4. Verif isUseless isUseless=false hasResa=false hasOrder=false
2026-03-07T20:43:22.640Z [NOTIF] [process-call] 5b. Branche traitement -> ProcessCallService.process
2026-03-07T20:43:22.643Z [NOTIF] [process-call] 6. Succes -> envoi notif (processed) orderId=—
2026-03-07T20:43:22.646Z [NOTIF] sendNotification appele type=call_completed connexions=1
2026-03-07T20:43:22.647Z [NOTIF] Notification envoyee sentCount=1 totalConnections=1
2026-03-07T20:43:22.648Z [NOTIF] [process-call] 7. Reponse 201 envoyee
2026-03-07T20:44:21.246Z [NOTIF] WS connexion entrante readyState=1 hasSend=true totalAvant=0
2026-03-07T20:44:21.250Z [NOTIF] Connexion ajoutee total=1
2026-03-07T20:45:05.654Z [NOTIF] TranscriptionHandler: validation OK -> POST process-call length=302
2026-03-07T20:45:05.654Z [NOTIF] TranscriptionHandler: POST http://localhost:8080/api/process-call (si reponse ok -> process-call envoie la notif)
2026-03-07T20:45:05.663Z [NOTIF] [process-call] 1. Requete recue body keys=transcription
2026-03-07T20:45:05.666Z [NOTIF] [process-call] 2. Transcription presente length=302
2026-03-07T20:45:05.668Z [NOTIF] [process-call] 3. Appel extractCallData (GPT)
2026-03-07T20:45:10.740Z [NOTIF] process-call: extractCallData ok nom=Client inconnu type_demande=Réservation de table
2026-03-07T20:45:10.743Z [NOTIF] [process-call] 4. Verif isUseless isUseless=false hasResa=false hasOrder=false
2026-03-07T20:45:10.744Z [NOTIF] [process-call] 5b. Branche traitement -> ProcessCallService.process
2026-03-07T20:45:10.748Z [NOTIF] [process-call] 6. Succes -> envoi notif (processed) orderId=—
2026-03-07T20:45:10.750Z [NOTIF] sendNotification appele type=call_completed connexions=1
2026-03-07T20:45:10.751Z [NOTIF] Notification envoyee sentCount=1 totalConnections=1
2026-03-07T20:45:10.752Z [NOTIF] [process-call] 7. Reponse 201 envoyee
2026-03-07T20:46:18.887Z [NOTIF] TranscriptionHandler: validation OK -> POST process-call length=553
2026-03-07T20:46:18.888Z [NOTIF] TranscriptionHandler: POST http://localhost:8080/api/process-call (si reponse ok -> process-call envoie la notif)
2026-03-07T20:46:18.898Z [NOTIF] [process-call] 1. Requete recue body keys=transcription
2026-03-07T20:46:18.900Z [NOTIF] [process-call] 2. Transcription presente length=553
2026-03-07T20:46:18.902Z [NOTIF] [process-call] 3. Appel extractCallData (GPT)
2026-03-07T20:46:26.208Z [NOTIF] process-call: extractCallData ok nom=Client inconnu type_demande=Réservation de table
2026-03-07T20:46:26.209Z [NOTIF] [process-call] 4. Verif isUseless isUseless=false hasResa=false hasOrder=false
2026-03-07T20:46:26.210Z [NOTIF] [process-call] 5b. Branche traitement -> ProcessCallService.process
2026-03-07T20:46:26.213Z [NOTIF] [process-call] 6. Succes -> envoi notif (processed) orderId=—
2026-03-07T20:46:26.215Z [NOTIF] sendNotification appele type=call_completed connexions=1
2026-03-07T20:46:26.216Z [NOTIF] Notification envoyee sentCount=1 totalConnections=1
2026-03-07T20:46:26.217Z [NOTIF] [process-call] 7. Reponse 201 envoyee
2026-03-07T20:48:13.188Z [NOTIF] TranscriptionHandler: validation OK -> POST process-call length=853
2026-03-07T20:48:13.189Z [NOTIF] TranscriptionHandler: POST http://localhost:8080/api/process-call (si reponse ok -> process-call envoie la notif)
2026-03-07T20:48:13.193Z [NOTIF] [process-call] 1. Requete recue body keys=transcription
2026-03-07T20:48:13.194Z [NOTIF] [process-call] 2. Transcription presente length=853
2026-03-07T20:48:13.195Z [NOTIF] [process-call] 3. Appel extractCallData (GPT)
2026-03-07T20:48:16.780Z [NOTIF] process-call: extractCallData ok nom=Client inconnu type_demande=Réservation de table
2026-03-07T20:48:16.782Z [NOTIF] [process-call] 4. Verif isUseless isUseless=false hasResa=false hasOrder=false
2026-03-07T20:48:16.783Z [NOTIF] [process-call] 5b. Branche traitement -> ProcessCallService.process
2026-03-07T20:48:16.785Z [NOTIF] [process-call] 6. Succes -> envoi notif (processed) orderId=—
2026-03-07T20:48:16.786Z [NOTIF] sendNotification appele type=call_completed connexions=1
2026-03-07T20:48:16.787Z [NOTIF] Notification envoyee sentCount=1 totalConnections=1
2026-03-07T20:48:16.788Z [NOTIF] [process-call] 7. Reponse 201 envoyee
2026-03-07T20:50:10.237Z [NOTIF] WS connexion entrante readyState=1 hasSend=true totalAvant=0
2026-03-07T20:50:10.241Z [NOTIF] Connexion ajoutee total=1
2026-03-07T20:50:19.249Z [NOTIF] WS connexion entrante readyState=1 hasSend=true totalAvant=0
2026-03-07T20:50:19.253Z [NOTIF] Connexion ajoutee total=1
2026-03-07T20:50:37.229Z [NOTIF] WS connexion entrante readyState=1 hasSend=true totalAvant=0
2026-03-07T20:50:37.233Z [NOTIF] Connexion ajoutee total=1
2026-03-07T20:50:41.241Z [NOTIF] WS connexion entrante readyState=1 hasSend=true totalAvant=0
2026-03-07T20:50:41.246Z [NOTIF] Connexion ajoutee total=1
2026-03-07T20:51:09.029Z [NOTIF] WS connexion entrante readyState=1 hasSend=true totalAvant=0
2026-03-07T20:51:09.036Z [NOTIF] Connexion ajoutee total=1
2026-03-07T20:52:17.428Z [NOTIF] TranscriptionHandler: validation KO -> pas d'appel process-call raison=Transcription incomplète - Mot coupé
2026-03-07T20:59:46.235Z [NOTIF] WS connexion entrante readyState=1 hasSend=true totalAvant=0
2026-03-07T20:59:46.239Z [NOTIF] Connexion ajoutee total=1
2026-03-07T21:02:46.982Z [NOTIF] Connexion supprimee total=0
2026-03-07T21:02:47.547Z [NOTIF] WS connexion entrante readyState=1 hasSend=true totalAvant=0
2026-03-07T21:02:47.549Z [NOTIF] Connexion ajoutee total=1
2026-03-07T21:04:43.933Z [NOTIF] Connexion supprimee total=0
2026-03-07T21:04:45.243Z [NOTIF] WS connexion entrante readyState=1 hasSend=true totalAvant=0
2026-03-07T21:04:45.245Z [NOTIF] Connexion ajoutee total=1
2026-03-07T21:04:47.228Z [NOTIF] WS connexion entrante readyState=1 hasSend=true totalAvant=1
2026-03-07T21:04:47.229Z [NOTIF] Connexion ajoutee total=2
2026-03-07T21:05:02.954Z [NOTIF] Connexion supprimee total=1
2026-03-07T21:05:02.959Z [NOTIF] Connexion supprimee total=0
2026-03-07T21:05:03.581Z [NOTIF] WS connexion entrante readyState=1 hasSend=true totalAvant=0
2026-03-07T21:05:03.582Z [NOTIF] Connexion ajoutee total=1
2026-03-07T21:05:03.943Z [NOTIF] Connexion supprimee total=0
2026-03-07T21:05:04.462Z [NOTIF] WS connexion entrante readyState=1 hasSend=true totalAvant=0
2026-03-07T21:05:04.463Z [NOTIF] Connexion ajoutee total=1
2026-03-07T21:05:04.947Z [NOTIF] Connexion supprimee total=0
2026-03-07T21:05:05.454Z [NOTIF] WS connexion entrante readyState=1 hasSend=true totalAvant=0
2026-03-07T21:05:05.455Z [NOTIF] Connexion ajoutee total=1
2026-03-07T21:05:23.945Z [NOTIF] Connexion supprimee total=0
2026-03-07T21:05:24.457Z [NOTIF] WS connexion entrante readyState=1 hasSend=true totalAvant=0
2026-03-07T21:05:24.458Z [NOTIF] Connexion ajoutee total=1
2026-03-07T21:05:31.945Z [NOTIF] Connexion supprimee total=0
2026-03-07T21:05:32.437Z [NOTIF] WS connexion entrante readyState=1 hasSend=true totalAvant=0
2026-03-07T21:05:32.439Z [NOTIF] Connexion ajoutee total=1
2026-03-07T21:05:33.940Z [NOTIF] Connexion supprimee total=0
2026-03-07T21:05:34.455Z [NOTIF] WS connexion entrante readyState=1 hasSend=true totalAvant=0
2026-03-07T21:05:34.457Z [NOTIF] Connexion ajoutee total=1
2026-03-07T21:05:38.943Z [NOTIF] Connexion supprimee total=0
2026-03-07T21:05:39.493Z [NOTIF] WS connexion entrante readyState=1 hasSend=true totalAvant=0
2026-03-07T21:05:39.494Z [NOTIF] Connexion ajoutee total=1
2026-03-07T21:05:42.950Z [NOTIF] Connexion supprimee total=0
2026-03-07T21:05:43.453Z [NOTIF] WS connexion entrante readyState=1 hasSend=true totalAvant=0
2026-03-07T21:05:43.455Z [NOTIF] Connexion ajoutee total=1
2026-03-07T21:20:28.077Z [NOTIF] WS connexion entrante readyState=1 hasSend=true totalAvant=0
2026-03-07T21:20:28.086Z [NOTIF] Connexion ajoutee total=1
2026-03-07T21:20:37.261Z [NOTIF] WS connexion entrante readyState=1 hasSend=true totalAvant=0
2026-03-07T21:20:37.265Z [NOTIF] Connexion ajoutee total=1
2026-03-07T21:20:42.256Z [NOTIF] WS connexion entrante readyState=1 hasSend=true totalAvant=0
2026-03-07T21:20:42.261Z [NOTIF] Connexion ajoutee total=1
2026-03-07T21:20:50.738Z [NOTIF] WS connexion entrante readyState=1 hasSend=true totalAvant=0
2026-03-07T21:20:50.743Z [NOTIF] Connexion ajoutee total=1
2026-03-07T21:20:54.753Z [NOTIF] WS connexion entrante readyState=1 hasSend=true totalAvant=0
2026-03-07T21:20:54.758Z [NOTIF] Connexion ajoutee total=1
2026-03-07T21:21:10.932Z [NOTIF] Connexion supprimee total=0
2026-03-07T21:21:14.230Z [NOTIF] WS connexion entrante readyState=1 hasSend=true totalAvant=0
2026-03-07T21:21:14.232Z [NOTIF] Connexion ajoutee total=1
2026-03-07T21:22:22.266Z [NOTIF] WS connexion entrante readyState=1 hasSend=true totalAvant=0
2026-03-07T21:22:22.270Z [NOTIF] Connexion ajoutee total=1
2026-03-07T21:22:27.258Z [NOTIF] WS connexion entrante readyState=1 hasSend=true totalAvant=0
2026-03-07T21:22:27.263Z [NOTIF] Connexion ajoutee total=1
2026-03-07T21:22:35.270Z [NOTIF] WS connexion entrante readyState=1 hasSend=true totalAvant=0
2026-03-07T21:22:35.274Z [NOTIF] Connexion ajoutee total=1
2026-03-07T21:22:47.241Z [NOTIF] WS connexion entrante readyState=1 hasSend=true totalAvant=0
2026-03-07T21:22:47.249Z [NOTIF] Connexion ajoutee total=1
2026-03-07T21:22:51.723Z [NOTIF] WS connexion entrante readyState=1 hasSend=true totalAvant=1
2026-03-07T21:22:51.725Z [NOTIF] Connexion ajoutee total=2
2026-03-07T21:22:52.542Z [NOTIF] Connexion supprimee total=1
2026-03-07T21:22:52.549Z [NOTIF] Connexion supprimee total=0
2026-03-07T21:22:53.174Z [NOTIF] WS connexion entrante readyState=1 hasSend=true totalAvant=0
2026-03-07T21:22:53.177Z [NOTIF] Connexion ajoutee total=1
2026-03-07T21:26:17.581Z [NOTIF] WS connexion entrante readyState=1 hasSend=true totalAvant=0
2026-03-07T21:26:17.587Z [NOTIF] Connexion ajoutee total=1
2026-03-07T21:26:32.578Z [NOTIF] WS connexion entrante readyState=1 hasSend=true totalAvant=0
2026-03-07T21:26:32.587Z [NOTIF] Connexion ajoutee total=1
2026-03-07T21:27:04.549Z [NOTIF] Connexion supprimee total=0
2026-03-07T21:27:05.179Z [NOTIF] WS connexion entrante readyState=1 hasSend=true totalAvant=0
2026-03-07T21:27:05.181Z [NOTIF] Connexion ajoutee total=1
2026-03-07T21:30:18.240Z [NOTIF] WS connexion entrante readyState=1 hasSend=true totalAvant=0
2026-03-07T21:30:18.244Z [NOTIF] Connexion ajoutee total=1
2026-03-07T21:30:36.389Z [NOTIF] Connexion supprimee total=0
2026-03-07T21:30:37.043Z [NOTIF] WS connexion entrante readyState=1 hasSend=true totalAvant=0
2026-03-07T21:30:37.045Z [NOTIF] Connexion ajoutee total=1
2026-03-07T21:32:59.230Z [NOTIF] WS connexion entrante readyState=1 hasSend=true totalAvant=0
2026-03-07T21:32:59.234Z [NOTIF] Connexion ajoutee total=1
2026-03-07T21:35:36.737Z [NOTIF] WS connexion entrante readyState=1 hasSend=true totalAvant=0
2026-03-07T21:35:36.741Z [NOTIF] Connexion ajoutee total=1
2026-03-07T21:35:43.243Z [NOTIF] WS connexion entrante readyState=1 hasSend=true totalAvant=0
2026-03-07T21:35:43.247Z [NOTIF] Connexion ajoutee total=1
2026-03-07T21:35:55.244Z [NOTIF] WS connexion entrante readyState=1 hasSend=true totalAvant=0
2026-03-07T21:35:55.248Z [NOTIF] Connexion ajoutee total=1
2026-03-07T21:36:12.751Z [NOTIF] WS connexion entrante readyState=1 hasSend=true totalAvant=0
2026-03-07T21:36:12.756Z [NOTIF] Connexion ajoutee total=1
2026-03-07T21:37:37.243Z [NOTIF] WS connexion entrante readyState=1 hasSend=true totalAvant=0
2026-03-07T21:37:37.247Z [NOTIF] Connexion ajoutee total=1
2026-03-07T21:38:09.746Z [NOTIF] WS connexion entrante readyState=1 hasSend=true totalAvant=0
2026-03-07T21:38:09.751Z [NOTIF] Connexion ajoutee total=1
2026-03-07T21:38:23.235Z [NOTIF] WS connexion entrante readyState=1 hasSend=true totalAvant=0
2026-03-07T21:38:23.239Z [NOTIF] Connexion ajoutee total=1
2026-03-07T21:39:39.110Z [NOTIF] WS connexion entrante readyState=1 hasSend=true totalAvant=0
2026-03-07T21:39:39.114Z [NOTIF] Connexion ajoutee total=1
2026-03-07T21:39:46.648Z [NOTIF] WS connexion entrante readyState=1 hasSend=true totalAvant=0
2026-03-07T21:39:46.653Z [NOTIF] Connexion ajoutee total=1
2026-03-07T21:58:17.133Z [NOTIF] WS connexion entrante readyState=1 hasSend=true totalAvant=0
2026-03-07T21:58:17.137Z [NOTIF] Connexion ajoutee total=1
2026-03-07T21:58:17.335Z [NOTIF] Connexion supprimee total=0
2026-03-07T21:58:18.171Z [NOTIF] WS connexion entrante readyState=1 hasSend=true totalAvant=0
2026-03-07T21:58:18.174Z [NOTIF] Connexion ajoutee total=1
2026-03-07T22:02:52.316Z [NOTIF] Connexion supprimee total=0
2026-03-07T22:02:55.605Z [NOTIF] WS connexion entrante readyState=1 hasSend=true totalAvant=0
2026-03-07T22:02:55.608Z [NOTIF] Connexion ajoutee total=1
2026-03-07T22:03:00.606Z [NOTIF] WS connexion entrante readyState=1 hasSend=true totalAvant=1
2026-03-07T22:03:00.607Z [NOTIF] Connexion ajoutee total=2
2026-03-07T22:19:43.887Z [NOTIF] Connexion supprimee total=1
2026-03-07T22:19:43.890Z [NOTIF] Connexion supprimee total=0
2026-03-07T22:19:44.620Z [NOTIF] WS connexion entrante readyState=1 hasSend=true totalAvant=0
2026-03-07T22:19:44.623Z [NOTIF] Connexion ajoutee total=1
2026-03-08T13:18:34.613Z [NOTIF] WS connexion entrante readyState=1 hasSend=true totalAvant=0
2026-03-08T13:18:34.618Z [NOTIF] Connexion ajoutee total=1
2026-03-08T13:19:15.121Z [NOTIF] WS connexion entrante readyState=1 hasSend=true totalAvant=0
2026-03-08T13:19:15.125Z [NOTIF] Connexion ajoutee total=1
2026-03-08T13:19:29.104Z [NOTIF] WS connexion entrante readyState=1 hasSend=true totalAvant=0
2026-03-08T13:19:29.109Z [NOTIF] Connexion ajoutee total=1
2026-03-08T13:19:34.112Z [NOTIF] WS connexion entrante readyState=1 hasSend=true totalAvant=0
2026-03-08T13:19:34.117Z [NOTIF] Connexion ajoutee total=1
2026-03-08T13:20:17.113Z [NOTIF] WS connexion entrante readyState=1 hasSend=true totalAvant=0
2026-03-08T13:20:17.117Z [NOTIF] Connexion ajoutee total=1
2026-03-08T13:20:40.099Z [NOTIF] TranscriptionHandler: validation OK -> POST process-call length=62
2026-03-08T13:20:40.101Z [NOTIF] TranscriptionHandler: POST http://localhost:8080/api/process-call (si reponse ok -> process-call envoie la notif)
2026-03-08T13:20:40.114Z [NOTIF] [process-call] 1. Requete recue body keys=transcription
2026-03-08T13:20:40.116Z [NOTIF] [process-call] 2. Transcription presente length=61
2026-03-08T13:20:40.117Z [NOTIF] [process-call] 3. Appel extractCallData (GPT)
2026-03-08T13:20:56.474Z [NOTIF] process-call: extractCallData ok nom=Client inconnu type_demande=Autre
2026-03-08T13:20:56.475Z [NOTIF] [process-call] 4. Verif isUseless isUseless=true hasResa=false hasOrder=false
2026-03-08T13:20:56.476Z [NOTIF] [process-call] 5a. Branche ignoree -> envoi notif (ignored)
2026-03-08T13:20:56.479Z [NOTIF] sendNotification appele type=call_completed connexions=1
2026-03-08T13:20:56.480Z [NOTIF] Notification envoyee sentCount=1 totalConnections=1
2026-03-08T13:21:04.974Z [NOTIF] TranscriptionHandler: validation OK -> POST process-call length=62
2026-03-08T13:21:04.975Z [NOTIF] TranscriptionHandler: POST http://localhost:8080/api/process-call (si reponse ok -> process-call envoie la notif)
2026-03-08T13:21:04.980Z [NOTIF] [process-call] 1. Requete recue body keys=transcription
2026-03-08T13:21:04.981Z [NOTIF] [process-call] 2. Transcription presente length=61
2026-03-08T13:21:04.982Z [NOTIF] [process-call] 3. Appel extractCallData (GPT)
2026-03-08T13:21:20.746Z [NOTIF] process-call: extractCallData ok nom=Client inconnu type_demande=Autre
2026-03-08T13:21:20.747Z [NOTIF] [process-call] 4. Verif isUseless isUseless=true hasResa=false hasOrder=false
2026-03-08T13:21:20.748Z [NOTIF] [process-call] 5a. Branche ignoree -> envoi notif (ignored)
2026-03-08T13:21:20.750Z [NOTIF] sendNotification appele type=call_completed connexions=1
2026-03-08T13:21:20.751Z [NOTIF] Notification envoyee sentCount=1 totalConnections=1
2026-03-08T13:22:28.616Z [NOTIF] WS connexion entrante readyState=1 hasSend=true totalAvant=0
2026-03-08T13:22:28.620Z [NOTIF] Connexion ajoutee total=1
2026-03-08T13:23:06.957Z [NOTIF] TranscriptionHandler: validation OK -> POST process-call length=62
2026-03-08T13:23:06.958Z [NOTIF] TranscriptionHandler: POST http://localhost:8080/api/process-call (si reponse ok -> process-call envoie la notif)
2026-03-08T13:23:06.980Z [NOTIF] [process-call] 1. Requete recue body keys=transcription
2026-03-08T13:23:06.982Z [NOTIF] [process-call] 2. Transcription presente length=61
2026-03-08T13:23:06.984Z [NOTIF] [process-call] 3. Appel extractCallData (GPT)
2026-03-08T13:23:19.108Z [NOTIF] WS connexion entrante readyState=1 hasSend=true totalAvant=0
2026-03-08T13:23:19.112Z [NOTIF] Connexion ajoutee total=1
2026-03-08T13:23:29.627Z [NOTIF] WS connexion entrante readyState=1 hasSend=true totalAvant=0
2026-03-08T13:23:29.632Z [NOTIF] Connexion ajoutee total=1
2026-03-08T13:25:44.616Z [NOTIF] WS connexion entrante readyState=1 hasSend=true totalAvant=0
2026-03-08T13:25:44.620Z [NOTIF] Connexion ajoutee total=1
2026-03-08T13:28:37.931Z [NOTIF] TranscriptionHandler: validation OK -> POST process-call length=62
2026-03-08T13:28:37.932Z [NOTIF] TranscriptionHandler: POST http://localhost:8080/api/process-call (si reponse ok -> process-call envoie la notif)
2026-03-08T13:28:37.946Z [NOTIF] [process-call] 1. Requete recue body keys=transcription
2026-03-08T13:28:37.947Z [NOTIF] [process-call] 2. Transcription presente length=61
2026-03-08T13:28:37.948Z [NOTIF] [process-call] 3. Appel extractCallData (GPT)
2026-03-08T13:28:54.043Z [NOTIF] process-call: extractCallData ok nom=Client inconnu type_demande=Autre
2026-03-08T13:28:54.045Z [NOTIF] [process-call] 4. Verif isUseless isUseless=true hasResa=false hasOrder=false
2026-03-08T13:28:54.046Z [NOTIF] [process-call] 5a. Branche ignoree -> envoi notif (ignored)
2026-03-08T13:28:54.048Z [NOTIF] sendNotification appele type=call_completed connexions=1
2026-03-08T13:28:54.049Z [NOTIF] Notification envoyee sentCount=1 totalConnections=1
2026-03-08T13:30:56.129Z [NOTIF] WS connexion entrante readyState=1 hasSend=true totalAvant=0
2026-03-08T13:30:56.134Z [NOTIF] Connexion ajoutee total=1
2026-03-08T13:31:00.122Z [NOTIF] WS connexion entrante readyState=1 hasSend=true totalAvant=0
2026-03-08T13:31:00.127Z [NOTIF] Connexion ajoutee total=1
2026-03-08T13:31:04.122Z [NOTIF] WS connexion entrante readyState=1 hasSend=true totalAvant=0
2026-03-08T13:31:04.127Z [NOTIF] Connexion ajoutee total=1
2026-03-08T13:31:33.602Z [NOTIF] WS connexion entrante readyState=1 hasSend=true totalAvant=0
2026-03-08T13:31:33.607Z [NOTIF] Connexion ajoutee total=1
2026-03-08T13:32:12.614Z [NOTIF] TranscriptionHandler: validation OK -> POST process-call length=62
2026-03-08T13:32:12.615Z [NOTIF] TranscriptionHandler: POST http://localhost:8080/api/process-call (si reponse ok -> process-call envoie la notif)
2026-03-08T13:32:12.629Z [NOTIF] [process-call] 1. Requete recue body keys=transcription
2026-03-08T13:32:12.631Z [NOTIF] [process-call] 2. Transcription presente length=61
2026-03-08T13:32:12.632Z [NOTIF] [process-call] 3. Appel extractCallData (GPT)
2026-03-08T13:32:28.450Z [NOTIF] process-call: extractCallData ok nom=Client inconnu type_demande=Autre
2026-03-08T13:32:28.452Z [NOTIF] [process-call] 4. Verif isUseless isUseless=true hasResa=false hasOrder=false
2026-03-08T13:32:28.453Z [NOTIF] [process-call] 5a. Branche ignoree -> envoi notif (ignored)
2026-03-08T13:32:28.455Z [NOTIF] sendNotification appele type=call_completed connexions=1
2026-03-08T13:32:28.456Z [NOTIF] Notification envoyee sentCount=1 totalConnections=1
2026-03-08T13:33:57.618Z [NOTIF] WS connexion entrante readyState=1 hasSend=true totalAvant=0
2026-03-08T13:33:57.622Z [NOTIF] Connexion ajoutee total=1
2026-03-08T13:35:16.576Z [NOTIF] TranscriptionHandler: validation OK -> POST process-call length=62
2026-03-08T13:35:16.578Z [NOTIF] TranscriptionHandler: POST http://localhost:8080/api/process-call (si reponse ok -> process-call envoie la notif)
2026-03-08T13:35:16.590Z [NOTIF] [process-call] 1. Requete recue body keys=transcription
2026-03-08T13:35:16.591Z [NOTIF] [process-call] 2. Transcription presente length=61
2026-03-08T13:35:16.592Z [NOTIF] [process-call] 3. Appel extractCallData (GPT)
2026-03-08T13:35:32.143Z [NOTIF] process-call: extractCallData ok nom=Client inconnu type_demande=Autre
2026-03-08T13:35:32.144Z [NOTIF] [process-call] 4. Verif isUseless isUseless=true hasResa=false hasOrder=false
2026-03-08T13:35:32.145Z [NOTIF] [process-call] 5a. Branche ignoree -> envoi notif (ignored)
2026-03-08T13:35:32.147Z [NOTIF] sendNotification appele type=call_completed connexions=1
2026-03-08T13:35:32.148Z [NOTIF] Notification envoyee sentCount=1 totalConnections=1
2026-03-08T13:36:33.633Z [NOTIF] WS connexion entrante readyState=1 hasSend=true totalAvant=0
2026-03-08T13:36:33.640Z [NOTIF] Connexion ajoutee total=1
2026-03-08T13:36:47.613Z [NOTIF] WS connexion entrante readyState=1 hasSend=true totalAvant=0
2026-03-08T13:36:47.617Z [NOTIF] Connexion ajoutee total=1
2026-03-08T13:37:37.599Z [NOTIF] WS connexion entrante readyState=1 hasSend=true totalAvant=0
2026-03-08T13:37:37.603Z [NOTIF] Connexion ajoutee total=1
2026-03-08T13:38:02.826Z [NOTIF] TranscriptionHandler: validation OK -> POST process-call length=62
2026-03-08T13:38:02.827Z [NOTIF] TranscriptionHandler: POST http://localhost:8080/api/process-call (si reponse ok -> process-call envoie la notif)
2026-03-08T13:38:02.840Z [NOTIF] [process-call] 1. Requete recue body keys=transcription
2026-03-08T13:38:02.842Z [NOTIF] [process-call] 2. Transcription presente length=61
2026-03-08T13:38:02.843Z [NOTIF] [process-call] 3. Appel extractCallData (GPT)
2026-03-08T13:38:20.451Z [NOTIF] process-call: extractCallData ok nom=Client inconnu type_demande=Autre
2026-03-08T13:38:20.453Z [NOTIF] [process-call] 4. Verif isUseless isUseless=true hasResa=false hasOrder=false
2026-03-08T13:38:20.454Z [NOTIF] [process-call] 5a. Branche ignoree -> envoi notif (ignored)
2026-03-08T13:38:20.457Z [NOTIF] sendNotification appele type=call_completed connexions=1
2026-03-08T13:38:20.458Z [NOTIF] Notification envoyee sentCount=1 totalConnections=1
2026-03-08T13:40:05.605Z [NOTIF] WS connexion entrante readyState=1 hasSend=true totalAvant=0
2026-03-08T13:40:05.610Z [NOTIF] Connexion ajoutee total=1
2026-03-08T13:40:17.599Z [NOTIF] WS connexion entrante readyState=1 hasSend=true totalAvant=0
2026-03-08T13:40:17.605Z [NOTIF] Connexion ajoutee total=1
2026-03-08T13:41:06.658Z [NOTIF] TranscriptionHandler: validation OK -> POST process-call length=62
2026-03-08T13:41:06.659Z [NOTIF] TranscriptionHandler: POST http://localhost:8080/api/process-call (si reponse ok -> process-call envoie la notif)
2026-03-08T13:41:06.672Z [NOTIF] [process-call] 1. Requete recue body keys=transcription
2026-03-08T13:41:06.673Z [NOTIF] [process-call] 2. Transcription presente length=61
2026-03-08T13:41:06.674Z [NOTIF] [process-call] 3. Appel extractCallData (GPT)
2026-03-08T13:41:23.139Z [NOTIF] process-call: extractCallData ok nom=Client inconnu type_demande=Autre
2026-03-08T13:41:23.141Z [NOTIF] [process-call] 4. Verif isUseless isUseless=true hasResa=false hasOrder=false
2026-03-08T13:41:23.142Z [NOTIF] [process-call] 5a. Branche ignoree -> envoi notif (ignored)
2026-03-08T13:41:23.144Z [NOTIF] sendNotification appele type=call_completed connexions=1
2026-03-08T13:41:23.145Z [NOTIF] Notification envoyee sentCount=1 totalConnections=1
2026-03-08T13:44:07.611Z [NOTIF] WS connexion entrante readyState=1 hasSend=true totalAvant=0
2026-03-08T13:44:07.615Z [NOTIF] Connexion ajoutee total=1
2026-03-08T13:50:13.001Z [NOTIF] TranscriptionHandler: validation OK -> POST process-call length=62
2026-03-08T13:50:13.002Z [NOTIF] TranscriptionHandler: POST http://localhost:8080/api/process-call (si reponse ok -> process-call envoie la notif)
2026-03-08T13:50:13.012Z [NOTIF] [process-call] 1. Requete recue body keys=transcription
2026-03-08T13:50:13.013Z [NOTIF] [process-call] 2. Transcription presente length=61
2026-03-08T13:50:13.014Z [NOTIF] [process-call] 3. Appel extractCallData (GPT)
2026-03-08T13:50:30.212Z [NOTIF] process-call: extractCallData ok nom=Client inconnu type_demande=Autre
2026-03-08T13:50:30.213Z [NOTIF] [process-call] 4. Verif isUseless isUseless=true hasResa=false hasOrder=false
2026-03-08T13:50:30.215Z [NOTIF] [process-call] 5a. Branche ignoree -> envoi notif (ignored)
2026-03-08T13:50:30.217Z [NOTIF] sendNotification appele type=call_completed connexions=1
2026-03-08T13:50:30.218Z [NOTIF] Notification envoyee sentCount=1 totalConnections=1
2026-03-08T13:54:21.614Z [NOTIF] WS connexion entrante readyState=1 hasSend=true totalAvant=0
2026-03-08T13:54:21.619Z [NOTIF] Connexion ajoutee total=1
2026-03-08T13:55:47.849Z [NOTIF] TranscriptionHandler: validation OK -> POST process-call length=62
2026-03-08T13:55:47.851Z [NOTIF] TranscriptionHandler: POST http://localhost:8080/api/process-call (si reponse ok -> process-call envoie la notif)
2026-03-08T13:55:47.871Z [NOTIF] [process-call] 1. Requete recue body keys=transcription
2026-03-08T13:55:47.874Z [NOTIF] [process-call] 2. Transcription presente length=61
2026-03-08T13:55:47.878Z [NOTIF] [process-call] 3. Appel extractCallData (GPT)
2026-03-08T13:56:04.636Z [NOTIF] process-call: extractCallData ok nom=Client inconnu type_demande=Autre
2026-03-08T13:56:04.637Z [NOTIF] [process-call] 4. Verif isUseless isUseless=true hasResa=false hasOrder=false
2026-03-08T13:56:04.639Z [NOTIF] [process-call] 5a. Branche ignoree -> envoi notif (ignored)
2026-03-08T13:56:04.641Z [NOTIF] sendNotification appele type=call_completed connexions=1
2026-03-08T13:56:04.642Z [NOTIF] Notification envoyee sentCount=1 totalConnections=1
2026-03-08T13:58:53.606Z [NOTIF] WS connexion entrante readyState=1 hasSend=true totalAvant=0
2026-03-08T13:58:53.611Z [NOTIF] Connexion ajoutee total=1
2026-03-08T13:59:27.318Z [NOTIF] TranscriptionHandler: validation OK -> POST process-call length=62
2026-03-08T13:59:27.319Z [NOTIF] TranscriptionHandler: POST http://localhost:8080/api/process-call (si reponse ok -> process-call envoie la notif)
2026-03-08T13:59:27.333Z [NOTIF] [process-call] 1. Requete recue body keys=transcription
2026-03-08T13:59:27.334Z [NOTIF] [process-call] 2. Transcription presente length=61
2026-03-08T13:59:27.335Z [NOTIF] [process-call] 3. Appel extractCallData (GPT)
2026-03-08T13:59:34.629Z [NOTIF] WS connexion entrante readyState=1 hasSend=true totalAvant=0
2026-03-08T13:59:34.634Z [NOTIF] Connexion ajoutee total=1
2026-03-08T14:01:38.633Z [NOTIF] WS connexion entrante readyState=1 hasSend=true totalAvant=0
2026-03-08T14:01:38.637Z [NOTIF] Connexion ajoutee total=1
2026-03-08T14:26:37.604Z [NOTIF] WS connexion entrante readyState=1 hasSend=true totalAvant=0
2026-03-08T14:26:37.609Z [NOTIF] Connexion ajoutee total=1
2026-03-08T14:26:48.604Z [NOTIF] WS connexion entrante readyState=1 hasSend=true totalAvant=0
2026-03-08T14:26:48.608Z [NOTIF] Connexion ajoutee total=1
2026-03-08T14:27:42.122Z [NOTIF] WS connexion entrante readyState=1 hasSend=true totalAvant=0
2026-03-08T14:27:42.126Z [NOTIF] Connexion ajoutee total=1
2026-03-08T14:27:59.109Z [NOTIF] WS connexion entrante readyState=1 hasSend=true totalAvant=0
2026-03-08T14:27:59.114Z [NOTIF] Connexion ajoutee total=1
2026-03-08T14:28:02.625Z [NOTIF] WS connexion entrante readyState=1 hasSend=true totalAvant=0
2026-03-08T14:28:02.629Z [NOTIF] Connexion ajoutee total=1
2026-03-08T14:28:07.127Z [NOTIF] WS connexion entrante readyState=1 hasSend=true totalAvant=0
2026-03-08T14:28:07.132Z [NOTIF] Connexion ajoutee total=1
2026-03-08T14:28:31.102Z [NOTIF] TranscriptionHandler: validation OK -> POST process-call length=62
2026-03-08T14:28:31.103Z [NOTIF] TranscriptionHandler: POST http://localhost:8080/api/process-call (si reponse ok -> process-call envoie la notif)
2026-03-08T14:28:31.116Z [NOTIF] [process-call] 1. Requete recue body keys=transcription
2026-03-08T14:28:31.117Z [NOTIF] [process-call] 2. Transcription presente length=61
2026-03-08T14:28:31.118Z [NOTIF] [process-call] 3. Appel extractCallData (GPT)
2026-03-08T14:28:47.633Z [NOTIF] process-call: extractCallData ok nom=Client inconnu type_demande=Autre
2026-03-08T14:28:47.636Z [NOTIF] [process-call] 4. Verif isUseless isUseless=true hasResa=false hasOrder=false
2026-03-08T14:28:47.638Z [NOTIF] [process-call] 5a. Branche ignoree -> envoi notif (ignored)
2026-03-08T14:28:47.642Z [NOTIF] sendNotification appele type=call_completed connexions=1
2026-03-08T14:28:47.643Z [NOTIF] Notification envoyee sentCount=1 totalConnections=1
2026-03-08T14:30:33.611Z [NOTIF] WS connexion entrante readyState=1 hasSend=true totalAvant=0
2026-03-08T14:30:33.616Z [NOTIF] Connexion ajoutee total=1
2026-03-08T14:32:39.222Z [NOTIF] TranscriptionHandler: validation OK -> POST process-call length=101
2026-03-08T14:32:39.223Z [NOTIF] TranscriptionHandler: POST http://localhost:8080/api/process-call (si reponse ok -> process-call envoie la notif)
2026-03-08T14:32:39.239Z [NOTIF] [process-call] 1. Requete recue body keys=transcription
2026-03-08T14:32:39.241Z [NOTIF] [process-call] 2. Transcription presente length=101
2026-03-08T14:32:39.243Z [NOTIF] [process-call] 3. Appel extractCallData (GPT)
2026-03-08T14:32:48.103Z [NOTIF] process-call: extractCallData ok nom=Client inconnu type_demande=Information menu
2026-03-08T14:32:48.104Z [NOTIF] [process-call] 4. Verif isUseless isUseless=true hasResa=false hasOrder=false
2026-03-08T14:32:48.106Z [NOTIF] [process-call] 5a. Branche ignoree -> envoi notif (ignored)
2026-03-08T14:32:48.109Z [NOTIF] sendNotification appele type=call_completed connexions=1
2026-03-08T14:32:48.110Z [NOTIF] Notification envoyee sentCount=1 totalConnections=1
2026-03-08T15:15:15.777Z [NOTIF] TranscriptionHandler: validation OK -> POST process-call length=524
2026-03-08T15:15:15.778Z [NOTIF] TranscriptionHandler: POST http://localhost:8080/api/process-call (si reponse ok -> process-call envoie la notif)
2026-03-08T15:15:15.784Z [NOTIF] [process-call] 1. Requete recue body keys=transcription
2026-03-08T15:15:15.785Z [NOTIF] [process-call] 2. Transcription presente length=524
2026-03-08T15:15:15.787Z [NOTIF] [process-call] 3. Appel extractCallData (GPT)
2026-03-08T15:15:20.683Z [NOTIF] process-call: extractCallData ok nom=Axel type_demande=Réservation de table
2026-03-08T15:15:20.685Z [NOTIF] [process-call] 4. Verif isUseless isUseless=false hasResa=false hasOrder=false
2026-03-08T15:15:20.687Z [NOTIF] [process-call] 5b. Branche traitement -> ProcessCallService.process
2026-03-08T15:15:20.691Z [NOTIF] [process-call] 6. Succes -> envoi notif (processed) orderId=—
2026-03-08T15:15:20.692Z [NOTIF] sendNotification appele type=call_completed connexions=1
2026-03-08T15:15:20.693Z [NOTIF] Notification envoyee sentCount=1 totalConnections=1
2026-03-08T15:15:20.694Z [NOTIF] [process-call] 7. Reponse 201 envoyee
2026-03-08T15:16:06.540Z [NOTIF] TranscriptionHandler: validation OK -> POST process-call length=369
2026-03-08T15:16:06.540Z [NOTIF] TranscriptionHandler: POST http://localhost:8080/api/process-call (si reponse ok -> process-call envoie la notif)
2026-03-08T15:16:06.544Z [NOTIF] [process-call] 1. Requete recue body keys=transcription
2026-03-08T15:16:06.545Z [NOTIF] [process-call] 2. Transcription presente length=369
2026-03-08T15:16:06.546Z [NOTIF] [process-call] 3. Appel extractCallData (GPT)
2026-03-08T15:16:10.825Z [NOTIF] process-call: extractCallData ok nom=Client inconnu type_demande=Réservation de table
2026-03-08T15:16:10.827Z [NOTIF] [process-call] 4. Verif isUseless isUseless=false hasResa=false hasOrder=false
2026-03-08T15:16:10.828Z [NOTIF] [process-call] 5b. Branche traitement -> ProcessCallService.process
2026-03-08T15:16:10.832Z [NOTIF] [process-call] 6. Succes -> envoi notif (processed) orderId=—
2026-03-08T15:16:10.833Z [NOTIF] sendNotification appele type=call_completed connexions=1
2026-03-08T15:16:10.834Z [NOTIF] Notification envoyee sentCount=1 totalConnections=1
2026-03-08T15:16:10.835Z [NOTIF] [process-call] 7. Reponse 201 envoyee
2026-03-08T15:17:11.612Z [NOTIF] WS connexion entrante readyState=1 hasSend=true totalAvant=0
2026-03-08T15:17:11.616Z [NOTIF] Connexion ajoutee total=1
2026-03-08T15:35:27.957Z [NOTIF] TranscriptionHandler: validation OK -> POST process-call length=732
2026-03-08T15:35:27.958Z [NOTIF] TranscriptionHandler: POST http://localhost:8080/api/process-call (si reponse ok -> process-call envoie la notif)
2026-03-08T15:35:27.963Z [NOTIF] [process-call] 1. Requete recue body keys=transcription
2026-03-08T15:35:27.965Z [NOTIF] [process-call] 2. Transcription presente length=732
2026-03-08T15:35:27.966Z [NOTIF] [process-call] 3. Appel extractCallData (GPT)
2026-03-08T15:35:36.218Z [NOTIF] process-call: extractCallData ok nom=Axel type_demande=Réservation de table
2026-03-08T15:35:36.220Z [NOTIF] [process-call] 4. Verif isUseless isUseless=false hasResa=false hasOrder=false
2026-03-08T15:35:36.221Z [NOTIF] [process-call] 5b. Branche traitement -> ProcessCallService.process
2026-03-08T15:35:36.225Z [NOTIF] [process-call] 6. Succes -> envoi notif (processed) orderId=—
2026-03-08T15:35:36.228Z [NOTIF] sendNotification appele type=call_completed connexions=1
2026-03-08T15:35:36.229Z [NOTIF] Notification envoyee sentCount=1 totalConnections=1
2026-03-08T15:35:36.232Z [NOTIF] [process-call] 7. Reponse 201 envoyee
2026-03-08T15:36:44.387Z [NOTIF] TranscriptionHandler: validation OK -> POST process-call length=141
2026-03-08T15:36:44.387Z [NOTIF] TranscriptionHandler: POST http://localhost:8080/api/process-call (si reponse ok -> process-call envoie la notif)
2026-03-08T15:36:44.393Z [NOTIF] [process-call] 1. Requete recue body keys=transcription
2026-03-08T15:36:44.394Z [NOTIF] [process-call] 2. Transcription presente length=141
2026-03-08T15:36:44.396Z [NOTIF] [process-call] 3. Appel extractCallData (GPT)
2026-03-08T15:36:46.460Z [NOTIF] process-call: extractCallData ok nom=Client inconnu type_demande=Information menu
2026-03-08T15:36:46.462Z [NOTIF] [process-call] 4. Verif isUseless isUseless=true hasResa=false hasOrder=false
2026-03-08T15:36:46.463Z [NOTIF] [process-call] 5a. Branche ignoree -> envoi notif (ignored)
2026-03-08T15:36:46.465Z [NOTIF] sendNotification appele type=call_completed connexions=1
2026-03-08T15:36:46.466Z [NOTIF] Notification envoyee sentCount=1 totalConnections=1
2026-03-08T15:38:41.615Z [NOTIF] TranscriptionHandler: validation OK -> POST process-call length=956
2026-03-08T15:38:41.616Z [NOTIF] TranscriptionHandler: POST http://localhost:8080/api/process-call (si reponse ok -> process-call envoie la notif)
2026-03-08T15:38:41.621Z [NOTIF] [process-call] 1. Requete recue body keys=transcription
2026-03-08T15:38:41.623Z [NOTIF] [process-call] 2. Transcription presente length=956
2026-03-08T15:38:41.624Z [NOTIF] [process-call] 3. Appel extractCallData (GPT)
2026-03-08T15:38:45.792Z [NOTIF] process-call: extractCallData ok nom=Alex type_demande=Commande à emporter
2026-03-08T15:38:45.794Z [NOTIF] [process-call] 4. Verif isUseless isUseless=false hasResa=false hasOrder=false
2026-03-08T15:38:45.795Z [NOTIF] [process-call] 5b. Branche traitement -> ProcessCallService.process
2026-03-08T15:38:45.799Z [NOTIF] [process-call] 6. Succes -> envoi notif (processed) orderId=—
2026-03-08T15:38:45.801Z [NOTIF] sendNotification appele type=call_completed connexions=1
2026-03-08T15:38:45.803Z [NOTIF] Notification envoyee sentCount=1 totalConnections=1
2026-03-08T15:38:45.804Z [NOTIF] [process-call] 7. Reponse 201 envoyee
2026-03-08T15:41:21.563Z [NOTIF] Connexion supprimee total=0
2026-03-08T15:42:02.273Z [NOTIF] WS connexion entrante readyState=1 hasSend=true totalAvant=0
2026-03-08T15:42:02.274Z [NOTIF] Connexion ajoutee total=1
2026-03-16T11:53:17.584Z [NOTIF] TranscriptionHandler: validation OK -> POST process-call length=62
2026-03-16T11:53:17.586Z [NOTIF] TranscriptionHandler: POST http://localhost:8080/api/process-call (si reponse ok -> process-call envoie la notif)
2026-03-16T11:53:17.707Z [NOTIF] [process-call] 1. Requete recue body keys=transcription
2026-03-16T11:53:17.708Z [NOTIF] [process-call] 2. Transcription presente length=61
2026-03-16T11:53:17.709Z [NOTIF] [process-call] 3. Appel extractCallData (GPT)
2026-03-16T11:53:19.819Z [NOTIF] process-call: extractCallData ok nom=Client inconnu type_demande=Information menu
2026-03-16T11:53:19.820Z [NOTIF] [process-call] 4. Verif isUseless isUseless=true hasResa=false hasOrder=false
2026-03-16T11:53:19.822Z [NOTIF] [process-call] 5a. Branche ignoree -> envoi notif (ignored)
2026-03-16T11:53:19.824Z [NOTIF] sendNotification appele type=call_completed connexions=0
2026-03-16T11:53:19.825Z [NOTIF] Notification envoyee sentCount=0 totalConnections=0
2026-03-16T11:56:57.342Z [NOTIF] TranscriptionHandler: validation OK -> POST process-call length=62
2026-03-16T11:56:57.344Z [NOTIF] TranscriptionHandler: POST http://localhost:8080/api/process-call (si reponse ok -> process-call envoie la notif)
2026-03-16T11:56:57.464Z [NOTIF] [process-call] 1. Requete recue body keys=transcription
2026-03-16T11:56:57.466Z [NOTIF] [process-call] 2. Transcription presente length=61
2026-03-16T11:56:57.467Z [NOTIF] [process-call] 3. Appel extractCallData (GPT)
2026-03-16T11:56:59.887Z [NOTIF] process-call: extractCallData ok nom=Client inconnu type_demande=Information menu
2026-03-16T11:56:59.889Z [NOTIF] [process-call] 4. Verif isUseless isUseless=true hasResa=false hasOrder=false
2026-03-16T11:56:59.890Z [NOTIF] [process-call] 5a. Branche ignoree -> envoi notif (ignored)
2026-03-16T11:56:59.893Z [NOTIF] sendNotification appele type=call_completed connexions=0
2026-03-16T11:56:59.894Z [NOTIF] Notification envoyee sentCount=0 totalConnections=0
2026-03-16T11:58:46.896Z [NOTIF] TranscriptionHandler: validation OK -> POST process-call length=62
2026-03-16T11:58:46.897Z [NOTIF] TranscriptionHandler: POST http://localhost:8080/api/process-call (si reponse ok -> process-call envoie la notif)
2026-03-16T11:58:47.019Z [NOTIF] [process-call] 1. Requete recue body keys=transcription
2026-03-16T11:58:47.021Z [NOTIF] [process-call] 2. Transcription presente length=61
2026-03-16T11:58:47.022Z [NOTIF] [process-call] 3. Appel extractCallData (GPT)
2026-03-16T11:58:49.601Z [NOTIF] process-call: extractCallData ok nom=Client inconnu type_demande=Information menu
2026-03-16T11:58:49.603Z [NOTIF] [process-call] 4. Verif isUseless isUseless=true hasResa=false hasOrder=false
2026-03-16T11:58:49.604Z [NOTIF] [process-call] 5a. Branche ignoree -> envoi notif (ignored)
2026-03-16T11:58:49.607Z [NOTIF] sendNotification appele type=call_completed connexions=0
2026-03-16T11:58:49.608Z [NOTIF] Notification envoyee sentCount=0 totalConnections=0
2026-03-16T12:01:02.119Z [NOTIF] TranscriptionHandler: validation OK -> POST process-call length=62
2026-03-16T12:01:02.120Z [NOTIF] TranscriptionHandler: POST http://localhost:8080/api/process-call (si reponse ok -> process-call envoie la notif)
2026-03-16T12:01:02.245Z [NOTIF] [process-call] 1. Requete recue body keys=transcription
2026-03-16T12:01:02.246Z [NOTIF] [process-call] 2. Transcription presente length=61
2026-03-16T12:01:02.247Z [NOTIF] [process-call] 3. Appel extractCallData (GPT)
2026-03-16T12:01:04.765Z [NOTIF] process-call: extractCallData ok nom=Client inconnu type_demande=Information menu
2026-03-16T12:01:04.767Z [NOTIF] [process-call] 4. Verif isUseless isUseless=true hasResa=false hasOrder=false
2026-03-16T12:01:04.769Z [NOTIF] [process-call] 5a. Branche ignoree -> envoi notif (ignored)
2026-03-16T12:01:04.771Z [NOTIF] sendNotification appele type=call_completed connexions=0
2026-03-16T12:01:04.772Z [NOTIF] Notification envoyee sentCount=0 totalConnections=0
2026-03-16T12:05:42.514Z [NOTIF] TranscriptionHandler: validation OK -> POST process-call length=1079
2026-03-16T12:05:42.514Z [NOTIF] TranscriptionHandler: POST http://localhost:8080/api/process-call (si reponse ok -> process-call envoie la notif)
2026-03-16T12:05:42.632Z [NOTIF] [process-call] 1. Requete recue body keys=transcription
2026-03-16T12:05:42.633Z [NOTIF] [process-call] 2. Transcription presente length=1079
2026-03-16T12:05:42.634Z [NOTIF] [process-call] 3. Appel extractCallData (GPT)
2026-03-16T12:05:50.766Z [NOTIF] process-call: extractCallData ok nom=Axel type_demande=Commande à emporter
2026-03-16T12:05:50.767Z [NOTIF] [process-call] 4. Verif isUseless isUseless=false hasResa=false hasOrder=false
2026-03-16T12:05:50.768Z [NOTIF] [process-call] 5b. Branche traitement -> ProcessCallService.process
2026-03-16T12:05:50.772Z [NOTIF] [process-call] 6. Succes -> envoi notif (processed) orderId=—
2026-03-16T12:05:50.774Z [NOTIF] sendNotification appele type=call_completed connexions=0
2026-03-16T12:05:50.775Z [NOTIF] Notification envoyee sentCount=0 totalConnections=0
2026-03-16T12:05:50.777Z [NOTIF] [process-call] 7. Reponse 201 envoyee
2026-03-16T12:05:57.757Z [NOTIF] WS connexion entrante readyState=1 hasSend=true totalAvant=0
2026-03-16T12:05:57.758Z [NOTIF] Connexion ajoutee total=1
2026-03-16T12:15:57.044Z [NOTIF] WS connexion entrante readyState=1 hasSend=true totalAvant=0
2026-03-16T12:15:57.049Z [NOTIF] Connexion ajoutee total=1
2026-03-16T12:27:31.766Z [NOTIF] TranscriptionHandler: validation OK -> POST process-call length=1215
2026-03-16T12:27:31.767Z [NOTIF] TranscriptionHandler: POST http://localhost:8080/api/process-call (si reponse ok -> process-call envoie la notif)
2026-03-16T12:27:31.879Z [NOTIF] [process-call] 1. Requete recue body keys=transcription
2026-03-16T12:27:31.880Z [NOTIF] [process-call] 2. Transcription presente length=1215
2026-03-16T12:27:31.881Z [NOTIF] [process-call] 3. Appel extractCallData (GPT)
2026-03-16T12:27:39.900Z [NOTIF] process-call: extractCallData ok nom=Axel type_demande=Réservation de table
2026-03-16T12:27:39.901Z [NOTIF] [process-call] 4. Verif isUseless isUseless=false hasResa=false hasOrder=false
2026-03-16T12:27:39.902Z [NOTIF] [process-call] 5b. Branche traitement -> ProcessCallService.process
2026-03-16T12:27:39.905Z [NOTIF] [process-call] 6. Succes -> envoi notif (processed) orderId=—
2026-03-16T12:27:39.907Z [NOTIF] sendNotification appele type=call_completed connexions=0
2026-03-16T12:27:39.908Z [NOTIF] Notification envoyee sentCount=0 totalConnections=0
2026-03-16T12:27:39.909Z [NOTIF] [process-call] 7. Reponse 201 envoyee
2026-03-16T12:48:00.237Z [NOTIF] WS connexion entrante readyState=1 hasSend=true totalAvant=0
2026-03-16T12:48:00.239Z [NOTIF] Connexion ajoutee total=1
2026-03-16T12:48:54.350Z [NOTIF] WS connexion entrante readyState=1 hasSend=true totalAvant=0
2026-03-16T12:48:54.354Z [NOTIF] Connexion ajoutee total=1
2026-03-16T12:49:23.296Z [NOTIF] WS connexion entrante readyState=1 hasSend=true totalAvant=0
2026-03-16T12:49:23.300Z [NOTIF] Connexion ajoutee total=1
2026-03-16T12:49:40.259Z [NOTIF] WS connexion entrante readyState=1 hasSend=true totalAvant=0
2026-03-16T12:49:40.264Z [NOTIF] Connexion ajoutee total=1
2026-03-16T12:49:47.805Z [NOTIF] WS connexion entrante readyState=1 hasSend=true totalAvant=0
2026-03-16T12:49:47.809Z [NOTIF] Connexion ajoutee total=1
2026-03-16T12:51:09.584Z [NOTIF] TranscriptionHandler: validation OK -> POST process-call length=643
2026-03-16T12:51:09.584Z [NOTIF] TranscriptionHandler: POST http://localhost:8080/api/process-call (si reponse ok -> process-call envoie la notif)
2026-03-16T12:51:09.701Z [NOTIF] [process-call] 1. Requete recue body keys=transcription
2026-03-16T12:51:09.702Z [NOTIF] [process-call] 2. Transcription presente length=643
2026-03-16T12:51:09.703Z [NOTIF] [process-call] 3. Appel extractCallData (GPT)
2026-03-16T12:51:12.854Z [NOTIF] process-call: extractCallData ok nom=Alex type_demande=Réservation de table
2026-03-16T12:51:12.856Z [NOTIF] [process-call] 4. Verif isUseless isUseless=false hasResa=false hasOrder=false
2026-03-16T12:51:12.857Z [NOTIF] [process-call] 5b. Branche traitement -> ProcessCallService.process
2026-03-16T12:51:12.860Z [NOTIF] [process-call] 6. Succes -> envoi notif (processed) orderId=—
2026-03-16T12:51:12.862Z [NOTIF] sendNotification appele type=call_completed connexions=1
2026-03-16T12:51:12.863Z [NOTIF] Notification envoyee sentCount=1 totalConnections=1
2026-03-16T12:51:12.865Z [NOTIF] [process-call] 7. Reponse 201 envoyee
2026-03-16T13:05:20.908Z [NOTIF] TranscriptionHandler: validation OK -> POST process-call length=734
2026-03-16T13:05:20.909Z [NOTIF] TranscriptionHandler: POST http://localhost:8080/api/process-call (si reponse ok -> process-call envoie la notif)
2026-03-16T13:05:21.029Z [NOTIF] [process-call] 1. Requete recue body keys=transcription
2026-03-16T13:05:21.030Z [NOTIF] [process-call] 2. Transcription presente length=734
2026-03-16T13:05:21.032Z [NOTIF] [process-call] 3. Appel extractCallData (GPT)
2026-03-16T13:05:26.061Z [NOTIF] process-call: extractCallData ok nom=Axel type_demande=Réservation de table
2026-03-16T13:05:26.062Z [NOTIF] [process-call] 4. Verif isUseless isUseless=false hasResa=false hasOrder=false
2026-03-16T13:05:26.063Z [NOTIF] [process-call] 5b. Branche traitement -> ProcessCallService.process
2026-03-16T13:05:26.066Z [NOTIF] [process-call] 6. Succes -> envoi notif (processed) orderId=—
2026-03-16T13:05:26.068Z [NOTIF] sendNotification appele type=call_completed connexions=1
2026-03-16T13:05:26.068Z [NOTIF] Notification envoyee sentCount=1 totalConnections=1
2026-03-16T13:05:26.070Z [NOTIF] [process-call] 7. Reponse 201 envoyee
2026-03-16T18:28:18.923Z [NOTIF] WS connexion entrante readyState=1 hasSend=true totalAvant=0
2026-03-16T18:28:18.929Z [NOTIF] Connexion ajoutee total=1
2026-03-16T18:29:20.794Z [NOTIF] Connexion supprimee total=0
2026-03-16T18:29:21.649Z [NOTIF] WS connexion entrante readyState=1 hasSend=true totalAvant=0
2026-03-16T18:29:21.651Z [NOTIF] Connexion ajoutee total=1
2026-03-16T18:39:16.347Z [NOTIF] Connexion supprimee total=0
2026-03-16T18:39:18.517Z [NOTIF] WS connexion entrante readyState=1 hasSend=true totalAvant=0
2026-03-16T18:39:18.519Z [NOTIF] Connexion ajoutee total=1
2026-03-16T18:39:44.410Z [NOTIF] Connexion supprimee total=0
2026-03-16T18:39:44.439Z [NOTIF] WS connexion entrante readyState=1 hasSend=true totalAvant=0
2026-03-16T18:39:44.441Z [NOTIF] Connexion ajoutee total=1
2026-03-16T18:39:44.471Z [NOTIF] Connexion supprimee total=0
2026-03-16T18:39:45.199Z [NOTIF] WS connexion entrante readyState=1 hasSend=true totalAvant=0
2026-03-16T18:39:45.201Z [NOTIF] Connexion ajoutee total=1
2026-03-16T18:39:52.938Z [NOTIF] Connexion supprimee total=0
2026-03-16T18:39:52.949Z [NOTIF] WS connexion entrante readyState=1 hasSend=true totalAvant=0
2026-03-16T18:39:52.950Z [NOTIF] Connexion ajoutee total=1
2026-03-16T18:39:52.987Z [NOTIF] Connexion supprimee total=0
2026-03-16T18:39:53.636Z [NOTIF] WS connexion entrante readyState=1 hasSend=true totalAvant=0
2026-03-16T18:39:53.638Z [NOTIF] Connexion ajoutee total=1
2026-03-16T18:39:53.883Z [NOTIF] Connexion supprimee total=0
2026-03-16T18:39:53.890Z [NOTIF] WS connexion entrante readyState=1 hasSend=true totalAvant=0
2026-03-16T18:39:53.891Z [NOTIF] Connexion ajoutee total=1
2026-03-16T18:39:53.896Z [NOTIF] Connexion supprimee total=0
2026-03-16T18:39:54.462Z [NOTIF] WS connexion entrante readyState=1 hasSend=true totalAvant=0
2026-03-16T18:39:54.463Z [NOTIF] Connexion ajoutee total=1
2026-03-16T18:40:51.329Z [NOTIF] Connexion supprimee total=0
2026-03-16T18:40:53.559Z [NOTIF] WS connexion entrante readyState=1 hasSend=true totalAvant=0
2026-03-16T18:40:53.560Z [NOTIF] Connexion ajoutee total=1
2026-03-16T18:43:37.361Z [NOTIF] Connexion supprimee total=0
2026-03-16T18:43:37.368Z [NOTIF] WS connexion entrante readyState=1 hasSend=true totalAvant=0
2026-03-16T18:43:37.370Z [NOTIF] Connexion ajoutee total=1
2026-03-16T18:43:37.383Z [NOTIF] Connexion supprimee total=0
2026-03-16T18:43:38.260Z [NOTIF] WS connexion entrante readyState=1 hasSend=true totalAvant=0
2026-03-16T18:43:38.261Z [NOTIF] Connexion ajoutee total=1
2026-03-16T18:45:32.244Z [NOTIF] Connexion supprimee total=0
2026-03-16T18:45:43.728Z [NOTIF] WS connexion entrante readyState=1 hasSend=true totalAvant=0
2026-03-16T18:45:43.730Z [NOTIF] Connexion ajoutee total=1
2026-03-16T18:45:49.907Z [NOTIF] Connexion supprimee total=0
2026-03-16T18:45:52.059Z [NOTIF] WS connexion entrante readyState=1 hasSend=true totalAvant=0
2026-03-16T18:45:52.061Z [NOTIF] Connexion ajoutee total=1
2026-03-16T18:48:20.426Z [NOTIF] Connexion supprimee total=0
2026-03-16T18:48:21.226Z [NOTIF] WS connexion entrante readyState=1 hasSend=true totalAvant=0
2026-03-16T18:48:21.228Z [NOTIF] Connexion ajoutee total=1
2026-03-16T18:53:47.850Z [NOTIF] WS connexion entrante readyState=1 hasSend=true totalAvant=1
2026-03-16T18:53:47.852Z [NOTIF] Connexion ajoutee total=2
2026-03-16T18:57:59.329Z [NOTIF] WS connexion entrante readyState=1 hasSend=true totalAvant=0
2026-03-16T18:57:59.333Z [NOTIF] Connexion ajoutee total=1
2026-03-16T18:58:01.554Z [NOTIF] WS connexion entrante readyState=1 hasSend=true totalAvant=1
2026-03-16T18:58:01.556Z [NOTIF] Connexion ajoutee total=2
2026-03-16T18:58:09.610Z [NOTIF] WS connexion entrante readyState=1 hasSend=true totalAvant=0
2026-03-16T18:58:09.614Z [NOTIF] Connexion ajoutee total=1
2026-03-16T18:58:11.827Z [NOTIF] WS connexion entrante readyState=1 hasSend=true totalAvant=1
2026-03-16T18:58:11.829Z [NOTIF] Connexion ajoutee total=2
2026-03-16T18:58:22.646Z [NOTIF] WS connexion entrante readyState=1 hasSend=true totalAvant=0
2026-03-16T18:58:22.650Z [NOTIF] Connexion ajoutee total=1
2026-03-16T18:58:23.110Z [NOTIF] WS connexion entrante readyState=1 hasSend=true totalAvant=1
2026-03-16T18:58:23.111Z [NOTIF] Connexion ajoutee total=2
2026-03-16T19:01:05.095Z [NOTIF] Connexion supprimee total=1
2026-03-16T19:01:07.748Z [NOTIF] WS connexion entrante readyState=1 hasSend=true totalAvant=1
2026-03-16T19:01:07.750Z [NOTIF] Connexion ajoutee total=2
2026-03-16T19:03:38.538Z [NOTIF] Connexion supprimee total=1
2026-03-16T19:03:38.889Z [NOTIF] WS connexion entrante readyState=1 hasSend=true totalAvant=1
2026-03-16T19:03:38.892Z [NOTIF] Connexion ajoutee total=2
2026-03-16T19:04:27.540Z [NOTIF] Connexion supprimee total=1
2026-03-16T19:05:59.997Z [NOTIF] Connexion supprimee total=0
2026-03-16T19:18:54.138Z [NOTIF] WS connexion entrante readyState=1 hasSend=true totalAvant=0
2026-03-16T19:18:54.139Z [NOTIF] Connexion ajoutee total=1
2026-03-16T19:24:09.633Z [NOTIF] Connexion supprimee total=0
2026-03-16T19:24:09.637Z [NOTIF] WS connexion entrante readyState=1 hasSend=true totalAvant=0
2026-03-16T19:24:09.638Z [NOTIF] Connexion ajoutee total=1
2026-03-16T19:24:09.991Z [NOTIF] WS connexion entrante readyState=1 hasSend=true totalAvant=1
2026-03-16T19:24:09.993Z [NOTIF] Connexion ajoutee total=2
2026-03-16T19:24:10.689Z [NOTIF] Connexion supprimee total=1
2026-03-16T19:26:03.108Z [NOTIF] Connexion supprimee total=0
2026-03-16T19:26:12.012Z [NOTIF] WS connexion entrante readyState=1 hasSend=true totalAvant=0
2026-03-16T19:26:12.013Z [NOTIF] Connexion ajoutee total=1
2026-03-16T19:31:00.235Z [NOTIF] WS connexion entrante readyState=1 hasSend=true totalAvant=0
2026-03-16T19:31:00.239Z [NOTIF] Connexion ajoutee total=1
2026-03-16T19:31:15.779Z [NOTIF] WS connexion entrante readyState=1 hasSend=true totalAvant=0
2026-03-16T19:31:15.784Z [NOTIF] Connexion ajoutee total=1
2026-03-16T19:31:57.974Z [NOTIF] WS connexion entrante readyState=1 hasSend=true totalAvant=0
2026-03-16T19:31:57.979Z [NOTIF] Connexion ajoutee total=1
2026-03-16T19:32:14.347Z [NOTIF] WS connexion entrante readyState=1 hasSend=true totalAvant=0
2026-03-16T19:32:14.351Z [NOTIF] Connexion ajoutee total=1
2026-03-16T19:32:19.807Z [NOTIF] WS connexion entrante readyState=1 hasSend=true totalAvant=0
2026-03-16T19:32:19.811Z [NOTIF] Connexion ajoutee total=1
2026-03-16T19:33:01.976Z [NOTIF] WS connexion entrante readyState=1 hasSend=true totalAvant=0
2026-03-16T19:33:01.981Z [NOTIF] Connexion ajoutee total=1
2026-03-16T19:33:06.424Z [NOTIF] WS connexion entrante readyState=1 hasSend=true totalAvant=0
2026-03-16T19:33:06.428Z [NOTIF] Connexion ajoutee total=1
2026-03-16T19:33:39.290Z [NOTIF] WS connexion entrante readyState=1 hasSend=true totalAvant=0
2026-03-16T19:33:39.297Z [NOTIF] Connexion ajoutee total=1
2026-03-16T19:33:43.555Z [NOTIF] WS connexion entrante readyState=1 hasSend=true totalAvant=0
2026-03-16T19:33:43.562Z [NOTIF] Connexion ajoutee total=1
